// Jest Snapshot v1, https://goo.gl/fbAQLP

exports[`Pruebas en <GifGridItem /> Debe mostrar el componente correctamente 1`] = `
<div
  className="card animate__animated animate__bounce"
>
  <img
    alt="Prueba Gif Item"
    src="https://localhost/algo.jpg"
  />
  <p>
    Prueba Gif Item
  </p>
</div>
`;
