// Jest Snapshot v1, https://goo.gl/fbAQLP

exports[`Pruebas en el <GifGrid /> Debe mostrarse correctamente <GifGrid /> 1`] = `
<Fragment>
  <h3>
    One Punch
  </h3>
  <p
    className="animate_animated animate_fadeIn"
  >
    Loading
  </p>
  <div
    className="card-grid"
  />
</Fragment>
`;
